\BOOKMARK [1][-]{section.1}{\376\377\000I\000n\000t\000r\000o\000d\000u\000c\000t\000i\000o\000n}{}% 1
\BOOKMARK [1][-]{section.2}{\376\377\000M\000e\000t\000h\000o\000d\000o\000l\000o\000g\000y}{}% 2
\BOOKMARK [1][-]{section.3}{\376\377\000Q\000u\000e\000s\000t\000i\000o\000n\000\040\000O\000n\000e\000:\000\040\000D\000i\000f\000f\000u\000s\000i\000o\000n\000\040\000M\000o\000d\000e\000l\000s}{}% 3
\BOOKMARK [2][-]{subsection.3.1}{\376\377\000P\000a\000r\000t\000\040\000O\000n\000e\000:\000\040\000T\000h\000e\000o\000r\000y\000\040\000Q\000u\000e\000s\000t\000i\000o\000n\000s}{section.3}% 4
\BOOKMARK [3][-]{subsubsection.3.1.1}{\376\377\000Q\000u\000e\000s\000t\000i\000o\000n\000\040\0001\000:\000\040\000C\000l\000o\000s\000e\000d\000\040\000F\000o\000r\000m\000\040\000P\000r\000o\000o\000f}{subsection.3.1}% 5
\BOOKMARK [3][-]{subsubsection.3.1.2}{\376\377\000Q\000u\000e\000s\000t\000i\000o\000n\000\040\0002\000:\000\040\000A\000d\000v\000a\000n\000t\000a\000g\000e\000\040\000o\000f\000\040\000N\000o\000i\000s\000e\000\040\000P\000r\000e\000d\000i\000c\000t\000i\000o\000n}{subsection.3.1}% 6
\BOOKMARK [3][-]{subsubsection.3.1.3}{\376\377\000Q\000u\000e\000s\000t\000i\000o\000n\000\040\0003\000:\000\040\000C\000o\000s\000t\000\040\000F\000u\000n\000c\000t\000i\000o\000n\000\040\000A\000n\000a\000l\000y\000s\000i\000s\000\040\000\050\000V\000L\000B\000\051}{subsection.3.1}% 7
\BOOKMARK [3][-]{subsubsection.3.1.4}{\376\377\000Q\000u\000e\000s\000t\000i\000o\000n\000\040\0004\000:\000\040\000D\000D\000I\000M\000\040\000S\000a\000m\000p\000l\000i\000n\000g}{subsection.3.1}% 8
\BOOKMARK [3][-]{subsubsection.3.1.5}{\376\377\000Q\000u\000e\000s\000t\000i\000o\000n\000\040\0005\000:\000\040\000C\000l\000a\000s\000s\000i\000f\000i\000e\000r\000-\000F\000r\000e\000e\000\040\000G\000u\000i\000d\000a\000n\000c\000e\000\040\000\050\000C\000F\000G\000\051}{subsection.3.1}% 9
\BOOKMARK [1][-]{section.4}{\376\377\000C\000o\000m\000p\000r\000e\000h\000e\000n\000s\000i\000v\000e\000\040\000M\000o\000d\000e\000l\000\040\000E\000x\000p\000l\000a\000n\000a\000t\000i\000o\000n\000s}{}% 10
\BOOKMARK [2][-]{subsection.4.1}{\376\377\000D\000e\000n\000o\000i\000s\000i\000n\000g\000\040\000D\000i\000f\000f\000u\000s\000i\000o\000n\000\040\000P\000r\000o\000b\000a\000b\000i\000l\000i\000s\000t\000i\000c\000\040\000M\000o\000d\000e\000l\000s\000\040\000\050\000D\000D\000P\000M\000\051}{section.4}% 11
\BOOKMARK [3][-]{subsubsection.4.1.1}{\376\377\000O\000v\000e\000r\000v\000i\000e\000w\000\040\000a\000n\000d\000\040\000I\000n\000t\000u\000i\000t\000i\000o\000n}{subsection.4.1}% 12
\BOOKMARK [3][-]{subsubsection.4.1.2}{\376\377\000M\000a\000t\000h\000e\000m\000a\000t\000i\000c\000a\000l\000\040\000F\000o\000u\000n\000d\000a\000t\000i\000o\000n}{subsection.4.1}% 13
\BOOKMARK [3][-]{subsubsection.4.1.3}{\376\377\000N\000e\000t\000w\000o\000r\000k\000\040\000A\000r\000c\000h\000i\000t\000e\000c\000t\000u\000r\000e}{subsection.4.1}% 14
\BOOKMARK [3][-]{subsubsection.4.1.4}{\376\377\000T\000r\000a\000i\000n\000i\000n\000g\000\040\000O\000b\000j\000e\000c\000t\000i\000v\000e}{subsection.4.1}% 15
\BOOKMARK [3][-]{subsubsection.4.1.5}{\376\377\000S\000a\000m\000p\000l\000i\000n\000g\000\040\000P\000r\000o\000c\000e\000s\000s}{subsection.4.1}% 16
\BOOKMARK [3][-]{subsubsection.4.1.6}{\376\377\000D\000D\000I\000M\000:\000\040\000D\000e\000t\000e\000r\000m\000i\000n\000i\000s\000t\000i\000c\000\040\000V\000a\000r\000i\000a\000n\000t}{subsection.4.1}% 17
\BOOKMARK [2][-]{subsection.4.2}{\376\377\000S\000t\000a\000b\000l\000e\000\040\000D\000i\000f\000f\000u\000s\000i\000o\000n\000\040\000a\000n\000d\000\040\000D\000r\000e\000a\000m\000B\000o\000o\000t\000h}{section.4}% 18
\BOOKMARK [3][-]{subsubsection.4.2.1}{\376\377\000S\000t\000a\000b\000l\000e\000\040\000D\000i\000f\000f\000u\000s\000i\000o\000n\000\040\000A\000r\000c\000h\000i\000t\000e\000c\000t\000u\000r\000e}{subsection.4.2}% 19
\BOOKMARK [3][-]{subsubsection.4.2.2}{\376\377\000D\000i\000f\000f\000u\000s\000i\000o\000n\000\040\000i\000n\000\040\000L\000a\000t\000e\000n\000t\000\040\000S\000p\000a\000c\000e}{subsection.4.2}% 20
\BOOKMARK [3][-]{subsubsection.4.2.3}{\376\377\000T\000e\000x\000t\000\040\000C\000o\000n\000d\000i\000t\000i\000o\000n\000i\000n\000g}{subsection.4.2}% 21
\BOOKMARK [3][-]{subsubsection.4.2.4}{\376\377\000C\000l\000a\000s\000s\000i\000f\000i\000e\000r\000-\000F\000r\000e\000e\000\040\000G\000u\000i\000d\000a\000n\000c\000e\000\040\000\050\000C\000F\000G\000\051}{subsection.4.2}% 22
\BOOKMARK [3][-]{subsubsection.4.2.5}{\376\377\000D\000r\000e\000a\000m\000B\000o\000o\000t\000h\000:\000\040\000P\000e\000r\000s\000o\000n\000a\000l\000i\000z\000a\000t\000i\000o\000n\000\040\000T\000e\000c\000h\000n\000i\000q\000u\000e}{subsection.4.2}% 23
\BOOKMARK [3][-]{subsubsection.4.2.6}{\376\377\000L\000o\000R\000A\000:\000\040\000P\000a\000r\000a\000m\000e\000t\000e\000r\000-\000E\000f\000f\000i\000c\000i\000e\000n\000t\000\040\000F\000i\000n\000e\000-\000T\000u\000n\000i\000n\000g}{subsection.4.2}% 24
\BOOKMARK [3][-]{subsubsection.4.2.7}{\376\377\000D\000r\000e\000a\000m\000B\000o\000o\000t\000h\000\040\000T\000r\000a\000i\000n\000i\000n\000g\000\040\000P\000r\000o\000c\000e\000s\000s}{subsection.4.2}% 25
\BOOKMARK [3][-]{subsubsection.4.2.8}{\376\377\000I\000n\000f\000e\000r\000e\000n\000c\000e\000\040\000w\000i\000t\000h\000\040\000D\000r\000e\000a\000m\000B\000o\000o\000t\000h}{subsection.4.2}% 26
\BOOKMARK [2][-]{subsection.4.3}{\376\377\000F\000l\000o\000w\000\040\000M\000a\000t\000c\000h\000i\000n\000g\000\040\000f\000o\000r\000\040\000T\000i\000m\000e\000\040\000S\000e\000r\000i\000e\000s\000\040\000G\000e\000n\000e\000r\000a\000t\000i\000o\000n}{section.4}% 27
\BOOKMARK [3][-]{subsubsection.4.3.1}{\376\377\000O\000v\000e\000r\000v\000i\000e\000w}{subsection.4.3}% 28
\BOOKMARK [3][-]{subsubsection.4.3.2}{\376\377\000M\000a\000t\000h\000e\000m\000a\000t\000i\000c\000a\000l\000\040\000F\000o\000u\000n\000d\000a\000t\000i\000o\000n}{subsection.4.3}% 29
\BOOKMARK [3][-]{subsubsection.4.3.3}{\376\377\000L\000i\000n\000e\000a\000r\000\040\000I\000n\000t\000e\000r\000p\000o\000l\000a\000t\000i\000o\000n\000\040\000P\000a\000t\000h\000s}{subsection.4.3}% 30
\BOOKMARK [3][-]{subsubsection.4.3.4}{\376\377\000N\000e\000t\000w\000o\000r\000k\000\040\000A\000r\000c\000h\000i\000t\000e\000c\000t\000u\000r\000e}{subsection.4.3}% 31
\BOOKMARK [3][-]{subsubsection.4.3.5}{\376\377\000T\000r\000a\000i\000n\000i\000n\000g\000\040\000P\000r\000o\000c\000e\000s\000s}{subsection.4.3}% 32
\BOOKMARK [3][-]{subsubsection.4.3.6}{\376\377\000S\000a\000m\000p\000l\000i\000n\000g\000\040\000v\000i\000a\000\040\000O\000D\000E\000\040\000I\000n\000t\000e\000g\000r\000a\000t\000i\000o\000n}{subsection.4.3}% 33
\BOOKMARK [3][-]{subsubsection.4.3.7}{\376\377\000E\000v\000a\000l\000u\000a\000t\000i\000o\000n\000\040\000M\000e\000t\000r\000i\000c\000s}{subsection.4.3}% 34
\BOOKMARK [3][-]{subsubsection.4.3.8}{\376\377\000A\000d\000v\000a\000n\000t\000a\000g\000e\000s\000\040\000o\000v\000e\000r\000\040\000D\000i\000f\000f\000u\000s\000i\000o\000n\000\040\000M\000o\000d\000e\000l\000s}{subsection.4.3}% 35
\BOOKMARK [1][-]{section.5}{\376\377\000I\000m\000p\000l\000e\000m\000e\000n\000t\000a\000t\000i\000o\000n\000\040\000D\000e\000t\000a\000i\000l\000s\000\040\000a\000n\000d\000\040\000A\000r\000c\000h\000i\000t\000e\000c\000t\000u\000r\000e\000s}{}% 36
\BOOKMARK [2][-]{subsection.5.1}{\376\377\000D\000e\000n\000o\000i\000s\000i\000n\000g\000\040\000D\000i\000f\000f\000u\000s\000i\000o\000n\000\040\000P\000r\000o\000b\000a\000b\000i\000l\000i\000s\000t\000i\000c\000\040\000M\000o\000d\000e\000l\000s\000\040\000\050\000D\000D\000P\000M\000\051}{section.5}% 37
\BOOKMARK [3][-]{subsubsection.5.1.1}{\376\377\000A\000r\000c\000h\000i\000t\000e\000c\000t\000u\000r\000e\000:\000\040\000U\000-\000N\000e\000t\000\040\000f\000o\000r\000\040\000N\000o\000i\000s\000e\000\040\000P\000r\000e\000d\000i\000c\000t\000i\000o\000n}{subsection.5.1}% 38
\BOOKMARK [3][-]{subsubsection.5.1.2}{\376\377\000D\000D\000I\000M\000\040\000S\000a\000m\000p\000l\000i\000n\000g}{subsection.5.1}% 39
\BOOKMARK [2][-]{subsection.5.2}{\376\377\000S\000t\000a\000b\000l\000e\