\BOOKMARK [1][-]{section.1}{\376\377\000I\000n\000t\000r\000o\000d\000u\000c\000t\000i\000o\000n}{}% 1
\BOOKMARK [2][-]{subsection.1.1}{\376\377\000M\000o\000t\000i\000v\000a\000t\000i\000o\000n}{section.1}% 2
\BOOKMARK [2][-]{subsection.1.2}{\376\377\000R\000e\000p\000o\000r\000t\000\040\000S\000t\000r\000u\000c\000t\000u\000r\000e}{section.1}% 3
\BOOKMARK [1][-]{section.2}{\376\377\000A\000n\000s\000w\000e\000r\000i\000n\000g\000\040\000A\000s\000s\000i\000g\000n\000m\000e\000n\000t\000\040\000Q\000u\000e\000s\000t\000i\000o\000n\000s}{}% 4
\BOOKMARK [2][-]{subsection.2.1}{\376\377\000Q\000u\000e\000s\000t\000i\000o\000n\000\040\0001\000:\000\040\000E\000n\000e\000r\000g\000y\000-\000B\000a\000s\000e\000d\000\040\000M\000o\000d\000e\000l\000s\000\040\000\050\000E\000B\000M\000\051}{section.2}% 5
\BOOKMARK [3][-]{subsubsection.2.1.1}{\376\377\000P\000a\000r\000t\000\040\0001\000:\000\040\000T\000h\000e\000o\000r\000y\000\040\000Q\000u\000e\000s\000t\000i\000o\000n\000s}{subsection.2.1}% 6
\BOOKMARK [3][-]{subsubsection.2.1.2}{\376\377\000P\000a\000r\000t\000\040\0002\000:\000\040\000I\000m\000p\000l\000e\000m\000e\000n\000t\000a\000t\000i\000o\000n\000\040\000Q\000u\000e\000s\000t\000i\000o\000n\000s}{subsection.2.1}% 7
\BOOKMARK [2][-]{subsection.2.2}{\376\377\000Q\000u\000e\000s\000t\000i\000o\000n\000\040\0002\000:\000\040\000S\000c\000o\000r\000e\000-\000B\000a\000s\000e\000d\000\040\000M\000o\000d\000e\000l\000s}{section.2}% 8
\BOOKMARK [3][-]{subsubsection.2.2.1}{\376\377\000P\000a\000r\000t\000\040\0001\000:\000\040\000T\000h\000e\000o\000r\000y\000\040\000Q\000u\000e\000s\000t\000i\000o\000n\000s}{subsection.2.2}% 9
\BOOKMARK [3][-]{subsubsection.2.2.2}{\376\377\000P\000a\000r\000t\000\040\0002\000:\000\040\000I\000m\000p\000l\000e\000m\000e\000n\000t\000a\000t\000i\000o\000n\000\040\000Q\000u\000e\000s\000t\000i\000o\000n\000s}{subsection.2.2}% 10
\BOOKMARK [3][-]{subsubsection.2.2.3}{\376\377\000H\000y\000p\000e\000r\000p\000a\000r\000a\000m\000e\000t\000e\000r\000s\000\040\000a\000n\000d\000\040\000T\000h\000e\000i\000r\000\040\000E\000f\000f\000e\000c\000t\000s}{subsection.2.2}% 11
\BOOKMARK [1][-]{section.3}{\376\377\000E\000x\000p\000e\000r\000i\000m\000e\000n\000t\000s\000\040\000a\000n\000d\000\040\000R\000e\000s\000u\000l\000t\000s}{}% 12
\BOOKMARK [2][-]{subsection.3.1}{\376\377\000E\000n\000e\000r\000g\000y\000-\000B\000a\000s\000e\000d\000\040\000M\000o\000d\000e\000l\000s}{section.3}% 13
\BOOKMARK [3][-]{subsubsection.3.1.1}{\376\377\000T\000r\000a\000i\000n\000i\000n\000g\000\040\000M\000e\000t\000r\000i\000c\000s}{subsection.3.1}% 14
\BOOKMARK [3][-]{subsubsection.3.1.2}{\376\377\000L\000a\000n\000g\000e\000v\000i\000n\000\040\000S\000a\000m\000p\000l\000i\000n\000g\000\040\000V\000i\000s\000u\000a\000l\000i\000z\000a\000t\000i\000o\000n}{subsection.3.1}% 15
\BOOKMARK [3][-]{subsubsection.3.1.3}{\376\377\000U\000n\000c\000o\000n\000d\000i\000t\000i\000o\000n\000a\000l\000\040\000G\000e\000n\000e\000r\000a\000t\000i\000o\000n}{subsection.3.1}% 16
\BOOKMARK [3][-]{subsubsection.3.1.4}{\376\377\000D\000e\000n\000o\000i\000s\000i\000n\000g}{subsection.3.1}% 17
\BOOKMARK [2][-]{subsection.3.2}{\376\377\000S\000c\000o\000r\000e\000-\000B\000a\000s\000e\000d\000\040\000M\000o\000d\000e\000l\000s}{section.3}% 18
\BOOKMARK [3][-]{subsubsection.3.2.1}{\376\377\000T\000r\000a\000i\000n\000i\000n\000g\000\040\000M\000e\000t\000r\000i\000c\000s}{subsection.3.2}% 19
\BOOKMARK [3][-]{subsubsection.3.2.2}{\376\377\000U\000n\000c\000o\000n\000d\000i\000t\000i\000o\000n\000a\000l\000\040\000G\000e\000n\000e\000r\000a\000t\000i\000o\000n}{subsection.3.2}% 20
\BOOKMARK [3][-]{subsubsection.3.2.3}{\376\377\000C\000o\000n\000d\000i\000t\000i\000o\000n\000a\000l\000\040\000G\000e\000n\000e\000r\000a\000t\000i\000o\000n}{subsection.3.2}% 21
\BOOKMARK [1][-]{section.4}{\376\377\000M\000o\000d\000e\000l\000\040\000C\000o\000m\000p\000a\000r\000i\000s\000o\000n}{}% 22
\BOOKMARK [2][-]{subsection.4.1}{\376\377\000T\000r\000a\000i\000n\000i\000n\000g\000\040\000S\000t\000a\000b\000i\000l\000i\000t\000y\000\040\000a\000n\000d\000\040\000E\000f\000f\000i\000c\000i\000e\000n\000c\000y}{section.4}% 23
\BOOKMARK [2][-]{subsection.4.2}{\376\377\000G\000e\000n\000e\000r\000a\000t\000i\000o\000n\000\040\000Q\000u\000a\000l\000i\000t\000y}{section.4}% 24
\BOOKMARK [2][-]{subsection.4.3}{\376\377\000C\000o\000n\000d\000i\000t\000i\000o\000n\000a\000l\000\040\000G\000e\000n\000e\000r\000a\000t\000i\000o\000n}{section.4}% 25
\BOOKMARK [2][-]{subsection.4.4}{\376\377\000D\000e\000n\000o\000i\000s\000i\000n\000g\000\040\000P\000e\000r\000f\000o\000r\000m\000a\000n\000c\000e}{section.4}% 26
\BOOKMARK [2][-]{subsection.4.5}{\376\377\000C\000o\000m\000p\000u\000t\000a\000t\000i\000o\000n\000a\000l\000\040\000C\000o\000s\000t}{section.4}% 27
\BOOKMARK [2][-]{subsection.4.6}{\376\377\000Q\000u\000a\000l\000i\000t\000y\000\040\000v\000s\000.\000\040\000C\000o\000s\000t}{section.4}% 28
\BOOKMARK [2][-]{subsection.4.7}{\376\377\000S\000t\000a\000b\000i\000l\000i\000t\000y}{section.4}% 29
\BOOKMARK [2][-]{subsection.4.8}{\376\377\000M\000o\000d\000e\000\040\000C\000o\000v\000e\000r\000a\000g\000e}{section.4}% 30
\BOOKMARK [2][-]{subsection.4.9}{\376\377\000T\000h\000e\000o\000r\000e\000t\000i\000c\000a\000l\000\040\000C\000o\000n\000n\000e\000c\000t\000i\000o\000n\000s}{section.4}% 31
\BOOKMARK [2][-]{subsection.4.10}{\376\377\000O\000v\000e\000r\000a\000l\000l\000\040\000S\000u\000i\000t\000a\000b\000i\000l\000i\000t\000y}{section.4}% 32
\BOOKMARK [1][-]{section.5}{\376\377\000R\000e\000l\000a\000t\000e\000d\000\040\000W\000o\000r\000k}{}% 33
\BOOKMARK [2][-]{subsection.5.1}{\376\377\000E\000n\000e\000r\000g\000y\000-\000B\000a\000s\000e\000d\000\040\000M\000o\000d\000e\000l\000s}{section.5}% 34
\BOOKMARK [2][-]{subsection.5.2}{\376\377\000S\000c\000o\000r\000e\000-\000B\000a\000s\000e\000d\000\040\000G\000e\000n\000e\000r\000a\000t\000i\000v\000e\000\040\000M\000o\000d\000e\000l\000s}{section.5}% 35
\BOOKMARK [2][-]{subsection.5.3}{\376\377\000C\000o\000m\000p\000a\000r\000i\000s\000o\000n\000\040\000a\000n\000d\000\040\000H\000y\000b\000r\000i\000d\000\040\000A\000p\000p\000r\000o\000a\000c\000h\000e\000s}{section.5}% 36
\BOOKMARK [1][-]{section.6}{\376\377\000B\000a\000c\000k\000g\000r\000o\000u\000n\000d\000\040\000a\000n\000d\000\040\000T\000h\000e\000o\000r\000y}{}% 37
\BOOKMARK [2][-]{subsection.6.1}{\376\377\000E\000n\000e\000r\000g\000y\000-\000B\000a\000s\000e\000d\000\040\000M\000o\000d\000e\000l\000s}{section.6}% 38
\BOOKMARK [3][-]{subsubsection.6.1.1}{\376\377\000E\000B\000M\000\040\000F\000o\000u\000n\000d\000a\000t\000i\000o\000n\000s}{subsection.6.1}% 39
\BOOKMARK [3][-]{subsubsection.6.1.2}{\376\377\000L\000a\000n\000g\000e\000v\000i\000n\000\040\000D\000y\000n\000a\000m\000i\000c\000s}{subsection.6.1}% 40
\BOOKMARK [3][-]{subsubsection.6.1.3}{\376\377\000R\000e\000j\000e\000c\000t\000i\000o\000n\000\040\000S\000a\000m\000p\000l\000i\000n\000g\000\040\000R\000a\000t\000i\000o\000n\000a\000l\000e}{subsection.6.1}% 41
\BOOKMARK [2][-]{subsection.6.2}{\376\377\000S\000c\000o\000r\000e\000-\000B\000a\000s\000e\000d\000\040\000M\000o\000d\000e\000l\000s\000\040\000a\000n\000d\000\040\000D\000e\000n\000o\000i\000s\000i\000n\000g\000\040\000S\000c\000o\000r\000e\000\040\000M\000a\000t\000c\000h\000i\000n\000g}{section.6}% 42
\BOOKMARK [3][-]{subsubsection.6.2.1}{\376\377\000S\000c\000o\000r\000e\000\040\000F\000u\000n\000c\000t\000i\000o\000n\000\040\000a\000n\000d\000\040\000S\000c\000o\000r\000e\000\040\000M\000a\000t\000c\000h\000i\000n\000g}{subsection.6.2}% 43
\BOOKMARK [3][-]{subsubsection.6.2.2}{\376\377\000S\000c\000o\000r\000e\000-\000B\000a\000s\000e\000d\000\040\000F\000o\000u\000n\000d\000a\000t\000i\000o\000n\000s}{subsection.6.2}% 44
\BOOKMARK [3][-]{subsubsection.6.2.3}{\376\377\000A\000n\000n\000e\000a\000l\000e\000d\000\040\000L\000a\000n\000g\000e\000v\000i\000n\000\040\000D\000y\000n\000a\000m\000i\000c\000s}{subsection.6.2}% 45
\BOOKMARK [3][-]{subsubsection.6.2.4}{\376\377\000C\000o\000n\000d\000i\000t\000i\000o\000n\000a\000l\000\040\000S\000c\000o\000r\000e\000\040\000M\000o\000d\000e\000l\000i\000n\000g}{subsection.6.2}% 46
\BOOKMARK [3][-]{subsubsection.6.2.5}{\376\377\000W\000h\000y\000\040\000S\000c\000o\000r\000e\000-\000B\000a\000s\000e\000d\000\040\000M\000o\000d\000e\000l\000s\000\040\000W\000o\000r\000k}{subsection.6.2}% 47
\BOOKMARK [1][-]{section.7}{\376\377\000I\000m\000p\000l\000e\000m\000e\000n\000t\000a\000t\000i\000o\000n\000\040\000O\000v\000e\000r\000v\000i\000e\000w}{}% 48
\BOOKMARK [2][-]{subsection.7.1}{\376\377\000E\000B\000M\000\040\000S\000p\000e\000c\000i\000f\000i\000c\000s}{section.7}% 49
\BOOKMARK [3][-]{subsubsection.7.1.1}{\376\377\000A\000r\000c\000h\000i\000t\000e\000c\000t\000u\000r\000e\000\040\000D\000i\000a\000g\000r\000a\000m\000/\000T\000a\000b\000l\000e}{subsection.7.1}% 50
\BOOKMARK [3][-]{subsubsection.7.1.2}{\376\377\000L\000a\000n\000g\000e\000v\000i\000n\000\040\000D\000y\000n\000a\000m\000i\000c\000s\000\040\000A\000l\000g\000o\000r\000i\000t\000h\000m}{subsection.7.1}% 51
\BOOKMARK [3][-]{subsubsection.7.1.3}{\376\377\000R\000e\000p\000l\000a\000y\000\040\000B\000u\000f\000f\000e\000r}{subsection.7.1}% 52
\BOOKMARK [2][-]{subsection.7.2}{\376\377\000N\000C\000S\000N\000\040\000S\000p\000e\000c\000i\000f\000i\000c\000s}{section.7}% 53
\BOOKMARK [3][-]{subsubsection.7.2.1}{\376\377\000U\000-\000N\000e\000t\000\040\000A\000r\000c\000h\000i\000t\000e\000c\000t\000u\000r\000e}{subsection.7.2}% 54
\BOOKMARK [3][-]{subsubsection.7.2.2}{\376\377\000N\000o\000i\000s\000e\000\040\000S\000c\000h\000e\000d\000u\000l\000e}{subsection.7.2}% 55
\BOOKMARK [3][-]{subsubsection.7.2.3}{\376\377\000C\000o\000n\000d\000i\000t\000i\000o\000n\000a\000l\000\040\000I\000n\000j\000e\000c\000t\000i\000o\000n}{subsection.7.2}% 56
\BOOKMARK [3][-]{subsubsection.7.2.4}{\376\377\000A\000L\000D\000\040\000A\000l\000g\000o\000r\000i\000t\000h\000m}{subsection.7.2}% 57
\BOOKMARK [1][-]{section.8}{\376\377\000A\000r\000c\000h\000i\000t\000e\000c\000t\000u\000r\000e\000\040\000S\000p\000e\000c\000i\000f\000i\000c\000a\000t\000i\000o\000n\000s}{}% 58
\BOOKMARK [2][-]{subsection.8.1}{\376\377\000E\000B\000M\000\040\000C\000N\000N\000\040\000\050\000T\000a\000b\000l\000e\000\040\000f\000r\000o\000m\000\040\000H\000W\000\051}{section.8}% 59
\BOOKMARK [2][-]{subsection.8.2}{\376\377\000N\000C\000S\000N\000\040\000\050\000S\000c\000o\000r\000e\000N\000e\000t\000\051\000\040\000A\000r\000c\000h\000i\000t\000e\000c\000t\000u\000r\000e}{section.8}% 60
\BOOKMARK [1][-]{section.9}{\376\377\000T\000r\000a\000i\000n\000i\000n\000g\000\040\000O\000b\000j\000e\000c\000t\000i\000v\000e\000s\000\040\000a\000n\000d\000\040\000D\000e\000r\000i\000v\000a\000t\000i\000o\000n\000s}{}% 61
\BOOKMARK [2][-]{subsection.9.1}{\376\377\000C\000o\000n\000t\000r\000a\000s\000t\000i\000v\000e\000\040\000D\000i\000v\000e\000r\000g\000e\000n\000c\000e\000\040\000f\000o\000r\000\040\000E\000B\000M\000s}{section.9}% 62
\BOOKMARK [2][-]{subsection.9.2}{\376\377\000W\000e\000i\000g\000h\000t\000e\000d\000\040\000D\000S\000M\000\040\000f\000o\000r\000\040\000N\000C\000S\000N}{section.9}% 63
\BOOKMARK [2][-]{subsection.9.3}{\376\377\000A\000n\000n\000e\000a\000l\000e\000d\000\040\000L\000a\000n\000g\000e\000v\000i\000n\000\040\000S\000a\000m\000p\000l\000e\000r\000\040\000S\000t\000a\000b\000i\000l\000i\000t\000y}{section.9}% 64
\BOOKMARK [1][-]{section.10}{\376\377\000E\000x\000p\000e\000r\000i\000m\000e\000n\000t\000a\000l\000\040\000S\000e\000t\000u\000p}{}% 65
\BOOKMARK [2][-]{subsection.10.1}{\376\377\000E\000n\000v\000i\000r\000o\000n\000m\000e\000n\000t\000\040\000a\000n\000d\000\040\000R\000e\000p\000r\000o\000d\000u\000c\000i\000b\000i\000l\000i\000t\000y}{section.10}% 66
\BOOKMARK [2][-]{subsection.10.2}{\376\377\000D\000a\000t\000a\000\040\000P\000r\000o\000c\000e\000s\000s\000i\000n\000g}{section.10}% 67
\BOOKMARK [2][-]{subsection.10.3}{\376\377\000M\000N\000I\000S\000T\000\040\000D\000a\000t\000a\000s\000e\000t\000\040\000D\000e\000t\000a\000i\000l\000s}{section.10}% 68
\BOOKMARK [2][-]{subsection.10.4}{\376\377\000H\000y\000p\000e\000r\000p\000a\000r\000a\000m\000e\000t\000e\000r\000s}{section.10}% 69
\BOOKMARK [1][-]{section.11}{\376\377\000T\000r\000a\000i\000n\000i\000n\000g\000\040\000P\000r\000o\000c\000e\000d\000u\000r\000e\000s}{}% 70
\BOOKMARK [2][-]{subsection.11.1}{\376\377\000E\000B\000M\000\040\000T\000r\000a\000i\000n\000i\000n\000g\000\040\000L\000o\000o\000p}{section.11}% 71
\BOOKMARK [2][-]{subsection.11.2}{\376\377\000N\000C\000S\000N\000\040\000T\000r\000a\000i\000n\000i\000n\000g\000\040\000L\000o\000o\000p}{section.11}% 72
\BOOKMARK [1][-]{section.12}{\376\377\000R\000e\000s\000u\000l\000t\000s\000\040\000a\000n\000d\000\040\000V\000i\000s\000u\000a\000l\000\040\000A\000n\000a\000l\000y\000s\000i\000s}{}% 73
\BOOKMARK [2][-]{subsection.12.1}{\376\377\000E\000B\000M\000\040\000G\000e\000n\000e\000r\000a\000t\000i\000o\000n}{section.12}% 74
\BOOKMARK [2][-]{subsection.12.2}{\376\377\000E\000B\000M\000\040\000D\000e\000n\000o\000i\000s\000i\000n\000g}{section.12}% 75
\BOOKMARK [2][-]{subsection.12.3}{\376\377\000N\000C\000S\000N\000\040\000U\000n\000c\000o\000n\000d\000i\000t\000i\000o\000n\000a\000l\000\040\000S\000a\000m\000p\000l\000i\000n\000g}{section.12}% 76
\BOOKMARK [2][-]{subsection.12.4}{\376\377\000N\000C\000S\000N\000\040\000C\000o\000n\000d\000i\000t\000i\000o\000n\000a\000l\000\040\000S\000a\000m\000p\000l\000i\000n\000g}{section.12}% 77
\BOOKMARK [2][-]{subsection.12.5}{\376\377\000N\000C\000S\000N\000\040\000D\000e\000n\000o\000i\000s\000i\000n\000g\000\040\000a\000t\000\040\000M\000u\000l\000t\000i\000p\000l\000e\000\040\000N\000o\000i\000s\000e\000\040\000L\000e\000v\000e\000l\000s}{section.12}% 78
\BOOKMARK [2][-]{subsection.12.6}{\376\377\000T\000r\000a\000i\000n\000i\000n\000g\000\040\000C\000u\000r\000v\000e\000s\000\040\000\050\000P\000l\000a\000c\000e\000h\000o\000l\000d\000e\000r\000\040\000D\000e\000s\000c\000r\000i\000p\000t\000i\000o\000n\000\051}{section.12}% 79
\BOOKMARK [2][-]{subsection.12.7}{\376\377\000C\000o\000m\000p\000a\000r\000a\000t\000i\000v\000e\000\040\000A\000n\000a\000l\000y\000s\000i\000s\000:\000\040\000E\000B\000M\000\040\000v\000s\000.\000\040\000N\000C\000S\000N}{section.12}% 80
\BOOKMARK [2][-]{subsection.12.8}{\376\377\000Q\000u\000a\000l\000i\000t\000a\000t\000i\000v\000e\000\040\000E\000v\000a\000l\000u\000a\000t\000i\000o\000n\000\040\000o\000f\000\040\000G\000e\000n\000e\000r\000a\000t\000e\000d\000\040\000S\000a\000m\000p\000l\000e\000s}{section.12}% 81
\BOOKMARK [1][-]{section.13}{\376\377\000Q\000u\000a\000n\000t\000i\000t\000a\000t\000i\000v\000e\000\040\000D\000i\000s\000c\000u\000s\000s\000i\000o\000n}{}% 82
\BOOKMARK [1][-]{section.14}{\376\377\000A\000b\000l\000a\000t\000i\000o\000n\000\040\000a\000n\000d\000\040\000S\000e\000n\000s\000i\000t\000i\000v\000i\000t\000y}{}% 83
\BOOKMARK [2][-]{subsection.14.1}{\376\377\000E\000B\000M\000\040\000S\000t\000e\000p\000\040\000S\000i\000z\000e}{section.14}% 84
\BOOKMARK [2][-]{subsection.14.2}{\376\377\000R\000e\000g\000u\000l\000a\000r\000i\000z\000a\000t\000i\000o\000n\000\040}{section.14}% 85
\BOOKMARK [2][-]{subsection.14.3}{\376\377\000N\000C\000S\000N\000\040\000N\000o\000i\000s\000e\000\040\000L\000a\000d\000d\000e\000r}{section.14}% 86
\BOOKMARK [2][-]{subsection.14.4}{\376\377\000C\000o\000n\000d\000i\000t\000i\000o\000n\000a\000l\000\040\000E\000m\000b\000e\000d\000d\000i\000n\000g\000\040\000S\000i\000z\000e}{section.14}% 87
\BOOKMARK [2][-]{subsection.14.5}{\376\377\000A\000d\000d\000i\000t\000i\000o\000n\000a\000l\000\040\000A\000b\000l\000a\000t\000i\000o\000n\000s}{section.14}% 88
\BOOKMARK [1][-]{section.15}{\376\377\000I\000m\000p\000l\000e\000m\000e\000n\000t\000a\000t\000i\000o\000n\000\040\000D\000e\000t\000a\000i\000l\000s\000\040\000a\000n\000d\000\040\000F\000i\000l\000e\000\040\000M\000a\000p}{}% 89
\BOOKMARK [2][-]{subsection.15.1}{\376\377\000K\000e\000y\000\040\000C\000o\000d\000e\000\040\000C\000o\000m\000p\000o\000n\000e\000n\000t\000s}{section.15}% 90
\BOOKMARK [3][-]{subsubsection.15.1.1}{\376\377\000E\000B\000M\000\040\000M\000o\000d\000e\000l\000\040\000A\000r\000c\000h\000i\000t\000e\000c\000t\000u\000r\000e}{subsection.15.1}% 91
\BOOKMARK [3][-]{subsubsection.15.1.2}{\376\377\000N\000C\000S\000N\000\040\000M\000o\000d\000e\000l\000\040\000A\000r\000c\000h\000i\000t\000e\000c\000t\000u\000r\000e}{subsection.15.1}% 92
\BOOKMARK [3][-]{subsubsection.15.1.3}{\376\377\000L\000o\000s\000s\000\040\000F\000u\000n\000c\000t\000i\000o\000n\000s}{subsection.15.1}% 93
\BOOKMARK [3][-]{subsubsection.15.1.4}{\376\377\000S\000a\000m\000p\000l\000i\000n\000g\000\040\000a\000n\000d\000\040\000I\000n\000f\000e\000r\000e\000n\000c\000e}{subsection.15.1}% 94
\BOOKMARK [2][-]{subsection.15.2}{\376\377\000C\000o\000d\000e\000\040\000S\000n\000i\000p\000p\000e\000t\000s}{section.15}% 95
\BOOKMARK [3][-]{subsubsection.15.2.1}{\376\377\000E\000B\000M\000\040\000M\000o\000d\000e\000l\000\040\000D\000e\000f\000i\000n\000i\000t\000i\000o\000n}{subsection.15.2}% 96
\BOOKMARK [3][-]{subsubsection.15.2.2}{\376\377\000L\000a\000n\000g\000e\000v\000i\000n\000\040\000S\000a\000m\000p\000l\000e\000r}{subsection.15.2}% 97
\BOOKMARK [3][-]{subsubsection.15.2.3}{\376\377\000N\000C\000S\000N\000\040\000S\000c\000o\000r\000e\000N\000e\000t\000\040\000F\000o\000r\000w\000a\000r\000d}{subsection.15.2}% 98
\BOOKMARK [3][-]{subsubsection.15.2.4}{\376\377\000D\000S\000M\000\040\000L\000o\000s\000s}{subsection.15.2}% 99
\BOOKMARK [3][-]{subsubsection.15.2.5}{\376\377\000A\000n\000n\000e\000a\000l\000e\000d\000\040\000L\000a\000n\000g\000e\000v\000i\000n\000\040\000D\000y\000n\000a\000m\000i\000c\000s}{subsection.15.2}% 100
\BOOKMARK [1][-]{section.16}{\376\377\000R\000e\000p\000r\000o\000d\000u\000c\000i\000b\000i\000l\000i\000t\000y\000\040\000a\000n\000d\000\040\000H\000o\000w\000\040\000t\000o\000\040\000R\000u\000n}{}% 101
\BOOKMARK [1][-]{section.17}{\376\377\000L\000i\000m\000i\000t\000a\000t\000i\000o\000n\000s}{}% 102
\BOOKMARK [1][-]{section.18}{\376\377\000E\000t\000h\000i\000c\000a\000l\000\040\000C\000o\000n\000s\000i\000d\000e\000r\000a\000t\000i\000o\000n\000s}{}% 103
\BOOKMARK [1][-]{section.19}{\376\377\000L\000i\000m\000i\000t\000a\000t\000i\000o\000n\000s\000\040\000a\000n\000d\000\040\000F\000u\000t\000u\000r\000e\000\040\000W\000o\000r\000k}{}% 104
\BOOKMARK [2][-]{subsection.19.1}{\376\377\000L\000i\000m\000i\000t\000a\000t\000i\000o\000n\000s}{section.19}% 105
\BOOKMARK [2][-]{subsection.19.2}{\376\377\000F\000u\000t\000u\000r\000e\000\040\000D\000i\000r\000e\000c\000t\000i\000o\000n\000s}{section.19}% 106
\BOOKMARK [1][-]{section.20}{\376\377\000C\000o\000n\000c\000l\000u\000s\000i\000o\000n}{}% 107
\BOOKMARK [1][-]{section.21}{\376\377\000A\000c\000k\000n\000o\000w\000l\000e\000d\000g\000m\000e\000n\000t\000s}{}% 108
\BOOKMARK [1][-]{section.22}{\376\377\000C\000o\000d\000e\000\040\000S\000n\000i\000p\000p\000e\000t\000s}{}% 109
\BOOKMARK [2][-]{subsection.22.1}{\376\377\000L\000a\000n\000g\000e\000v\000i\000n\000\040\000S\000a\000m\000p\000l\000i\000n\000g\000\040\000F\000u\000n\000c\000t\000i\000o\000n}{section.22}% 110
\BOOKMARK [2][-]{subsection.22.2}{\376\377\000D\000S\000M\000\040\000L\000o\000s\000s\000\040\000F\000u\000n\000c\000t\000i\000o\000n}{section.22}% 111
\BOOKMARK [1][-]{section.23}{\376\377\000C\000o\000n\000s\000o\000l\000i\000d\000a\000t\000e\000d\000\040\000H\000y\000p\000e\000r\000p\000a\000r\000a\000m\000e\000t\000e\000r\000\040\000T\000a\000b\000l\000e}{}% 112
\BOOKMARK [1][-]{section.24}{\376\377\000D\000e\000r\000i\000v\000a\000t\000i\000o\000n\000:\000\040\000C\000o\000n\000t\000r\000a\000s\000t\000i\000v\000e\000\040\000D\000i\000v\000e\000r\000g\000e\000n\000c\000e\000\040\000G\000r\000a\000d\000i\000e\000n\000t}{}% 113
\BOOKMARK [1][-]{section.25}{\376\377\000D\000e\000r\000i\000v\000a\000t\000i\000o\000n\000:\000\040\000W\000e\000i\000g\000h\000t\000e\000d\000\040\000D\000S\000M\000\040\000L\000o\000s\000s}{}% 114
\BOOKMARK [1][-]{section.26}{\376\377\000M\000a\000t\000h\000e\000m\000a\000t\000i\000c\000a\000l\000\040\000N\000o\000t\000e\000s\000\040\000o\000n\000\040\000R\000e\000j\000e\000c\000t\000i\000o\000n\000\040\000S\000a\000m\000p\000l\000i\000n\000g}{}% 115
\BOOKMARK [1][-]{section.27}{\376\377\000P\000s\000e\000u\000d\000o\000c\000o\000d\000e\000\040\000L\000i\000s\000t\000i\000n\000g\000s}{}% 116
\BOOKMARK [2][-]{subsection.27.1}{\376\377\000E\000B\000M\000\040\000T\000r\000a\000i\000n\000i\000n\000g\000\040\000\050\000f\000r\000o\000m\000\040\000c\000o\000d\000e\000\051}{section.27}% 117
\BOOKMARK [2][-]{subsection.27.2}{\376\377\000N\000C\000S\000N\000\040\000T\000r\000a\000i\000n\000i\000n\000g\000\040\000\050\000f\000r\000o\000m\000\040\000c\000o\000d\000e\000\051}{section.27}% 118
\BOOKMARK [1][-]{section.28}{\376\377\000E\000x\000t\000e\000n\000d\000e\000d\000\040\000D\000i\000s\000c\000u\000s\000s\000i\000o\000n\000\040\000a\000n\000d\000\040\000F\000u\000t\000u\000r\000e\000\040\000D\000i\000r\000e\000c\000t\000i\000o\000n\000s}{}% 119
\BOOKMARK [2][-]{subsection.28.1}{\376\377\000B\000r\000i\000d\000g\000i\000n\000g\000\040\000E\000B\000M\000s\000\040\000a\000n\000d\000\040\000D\000i\000f\000f\000u\000s\000i\000o\000n\000s}{section.28}% 120
\BOOKMARK [2][-]{subsection.28.2}{\376\377\000A\000c\000c\000e\000l\000e\000r\000a\000t\000i\000n\000g\000\040\000S\000a\000m\000p\000l\000i\000n\000g}{section.28}% 121
\BOOKMARK [2][-]{subsection.28.3}{\376\377\000R\000o\000b\000u\000s\000t\000n\000e\000s\000s}{section.28}% 122
\BOOKMARK [1][-]{section.29}{\376\377\000C\000o\000m\000p\000r\000e\000h\000e\000n\000s\000i\000v\000e\000\040\000F\000i\000g\000u\000r\000e\000\040\000M\000a\000n\000i\000f\000e\000s\000t}{}% 123
\BOOKMARK [1][-]{section.30}{\376\377\000E\000x\000t\000e\000n\000d\000e\000d\000\040\000M\000a\000t\000h\000e\000m\000a\000t\000i\000c\000a\000l\000\040\000A\000p\000p\000e\000n\000d\000i\000x}{}% 124
\BOOKMARK [2][-]{subsection.30.1}{\376\377\000R\000e\000l\000a\000t\000i\000o\000n\000\040\000B\000e\000t\000w\000e\000e\000n\000\040\000E\000n\000e\000r\000g\000y\000\040\000a\000n\000d\000\040\000S\000c\000o\000r\000e}{section.30}% 125
\BOOKMARK [2][-]{subsection.30.2}{\376\377\000F\000i\000s\000h\000e\000r\000\040\000D\000i\000v\000e\000r\000g\000e\000n\000c\000e\000\040\000a\000n\000d\000\040\000D\000S\000M}{section.30}% 126
\BOOKMARK [2][-]{subsection.30.3}{\376\377\000L\000a\000n\000g\000e\000v\000i\000n\000\040\000S\000t\000e\000p\000\040\000S\000i\000z\000e\000\040\000S\000t\000a\000b\000i\000l\000i\000t\000y}{section.30}% 127
\BOOKMARK [2][-]{subsection.30.4}{\376\377\000C\000o\000n\000d\000i\000t\000i\000o\000n\000a\000l\000\040\000S\000c\000o\000r\000e\000\040\000F\000a\000c\000t\000o\000r\000i\000z\000a\000t\000i\000o\000n}{section.30}% 128
\BOOKMARK [1][-]{section.31}{\376\377\000T\000r\000o\000u\000b\000l\000e\000s\000h\000o\000o\000t\000i\000n\000g\000\040\000a\000n\000d\000\040\000P\000r\000a\000c\000t\000i\000c\000a\000l\000\040\000T\000i\000p\000s}{}% 129
\BOOKMARK [1][-]{section.32}{\376\377\000M\000e\000t\000r\000i\000c\000s\000\040\000a\000n\000d\000\040\000E\000v\000a\000l\000u\000a\000t\000i\000o\000n\000\040\000G\000u\000i\000d\000a\000n\000c\000e}{}% 130
\BOOKMARK [1][-]{section.33}{\376\377\000A\000l\000g\000o\000r\000i\000t\000h\000m\000i\000c\000\040\000S\000u\000m\000m\000a\000r\000i\000e\000s}{}% 131
\BOOKMARK [2][-]{subsection.33.1}{\376\377\000E\000B\000M\000\040\000T\000r\000a\000i\000n\000i\000n\000g\000\040\000w\000i\000t\000h\000\040\000C\000o\000n\000t\000r\000a\000s\000t\000i\000v\000e\000\040\000D\000i\000v\000e\000r\000g\000e\000n\000c\000e}{section.33}% 132
\BOOKMARK [2][-]{subsection.33.2}{\376\377\000N\000C\000S\000N\000\040\000T\000r\000a\000i\000n\000i\000n\000g\000\040\000w\000i\000t\000h\000\040\000W\000e\000i\000g\000h\000t\000e\000d\000\040\000D\000S\000M}{section.33}% 133
\BOOKMARK [1][-]{section.34}{\376\377\000H\000y\000p\000e\000r\000p\000a\000r\000a\000m\000e\000t\000e\000r\000\040\000T\000u\000n\000i\000n\000g\000\040\000C\000h\000e\000a\000t\000s\000h\000e\000e\000t}{}% 134
\BOOKMARK [1][-]{section.35}{\376\377\000C\000o\000m\000p\000u\000t\000e\000\040\000B\000u\000d\000g\000e\000t\000\040\000N\000o\000t\000e\000s}{}% 135
\BOOKMARK [2][-]{subsection.35.1}{\376\377\000H\000a\000r\000d\000w\000a\000r\000e\000\040\000R\000e\000q\000u\000i\000r\000e\000m\000e\000n\000t\000s}{section.35}% 136
\BOOKMARK [1][-]{section.36}{\376\377\000R\000e\000p\000r\000o\000d\000u\000c\000i\000b\000i\000l\000i\000t\000y\000\040\000C\000h\000e\000c\000k\000l\000i\000s\000t}{}% 137
\BOOKMARK [1][-]{section.37}{\376\377\000F\000u\000t\000u\000r\000e\000\040\000W\000o\000r\000k\000\040\000D\000i\000r\000e\000c\000t\000i\000o\000n\000s}{}% 138
\BOOKMARK [1][-]{section.38}{\376\377\000L\000i\000n\000e\000\040\000C\000o\000u\000n\000t\000\040\000N\000o\000t\000e}{}% 139
\BOOKMARK [1][-]{section.39}{\376\377\000A\000p\000p\000e\000n\000d\000i\000x\000:\000\040\000S\000o\000u\000r\000c\000e\000\040\000C\000o\000d\000e}{}% 140
\BOOKMARK [2][-]{subsection.39.1}{\376\377\000c\000o\000n\000f\000i\000g\000.\000p\000y}{section.39}% 141
\BOOKMARK [2][-]{subsection.39.2}{\376\377\000d\000a\000t\000a\000.\000p\000y}{section.39}% 142
\BOOKMARK [2][-]{subsection.39.3}{\376\377\000e\000b\000m\000\137\000m\000o\000d\000e\000l\000.\000p\000y}{section.39}% 143
\BOOKMARK [2][-]{subsection.39.4}{\376\377\000e\000b\000m\000\137\000t\000r\000a\000i\000n\000.\000p\000y}{section.39}% 144
\BOOKMARK [2][-]{subsection.39.5}{\376\377\000e\000b\000m\000\137\000s\000a\000m\000p\000l\000i\000n\000g\000.\000p\000y}{section.39}% 145
\BOOKMARK [2][-]{subsection.39.6}{\376\377\000n\000c\000s\000n\000\137\000m\000o\000d\000e\000l\000.\000p\000y}{section.39}% 146
\BOOKMARK [2][-]{subsection.39.7}{\376\377\000n\000c\000s\000n\000\137\000l\000o\000s\000s\000.\000p\000y}{section.39}% 147
\BOOKMARK [2][-]{subsection.39.8}{\376\377\000n\000c\000s\000n\000\137\000t\000r\000a\000i\000n\000.\000p\000y}{section.39}% 148
\BOOKMARK [2][-]{subsection.39.9}{\376\377\000n\000c\000s\000n\000\137\000s\000a\000m\000p\000l\000i\000n\000g\000.\000p\000y}{section.39}% 149
\BOOKMARK [2][-]{subsection.39.10}{\376\377\000u\000t\000i\000l\000s\000.\000p\000y}{section.39}% 150
\BOOKMARK [2][-]{subsection.39.11}{\376\377\000r\000e\000q\000u\000i\000r\000e\000m\000e\000n\000t\000s\000.\000t\000x\000t}{section.39}% 151
\BOOKMARK [2][-]{subsection.39.12}{\376\377\000e\000b\000m\000\137\000i\000n\000f\000e\000r\000.\000p\000y}{section.39}% 152
\BOOKMARK [2][-]{subsection.39.13}{\376\377\000n\000c\000s\000n\000\137\000i\000n\000f\000e\000r\000.\000p\000y}{section.39}% 153
\BOOKMARK [1][-]{section.40}{\376\377\000A\000p\000p\000e\000n\000d\000i\000x\000:\000\040\000A\000s\000s\000i\000g\000n\000m\000e\000n\000t\000\040\000A\000n\000s\000w\000e\000r\000s\000\040\000S\000u\000m\000m\000a\000r\000y}{}% 154
\BOOKMARK [2][-]{subsection.40.1}{\376\377\000Q\000u\000e\000s\000t\000i\000o\000n\000\040\0001\000:\000\040\000E\000B\000M\000\040\000T\000h\000e\000o\000r\000y}{section.40}% 155
\BOOKMARK [2][-]{subsection.40.2}{\376\377\000Q\000u\000e\000s\000t\000i\000o\000n\000\040\0002\000:\000\040\000N\000C\000S\000N\000\040\000T\000h\000e\000o\000r\000y}{section.40}% 156
\BOOKMARK [2][-]{subsection.40.3}{\376\377\000Q\000u\000e\000s\000t\000i\000o\000n\000\040\0003\000:\000\040\000I\000m\000p\000l\000e\000m\000e\000n\000t\000a\000t\000i\000o\000n\000\040\000D\000e\000t\000a\000i\000l\000s}{section.40}% 157
\BOOKMARK [2][-]{subsection.40.4}{\376\377\000Q\000u\000e\000s\000t\000i\000o\000n\000\040\0004\000:\000\040\000E\000x\000p\000e\000r\000i\000m\000e\000n\000t\000s\000\040\000a\000n\000d\000\040\000A\000n\000a\000l\000y\000s\000i\000s}{section.40}% 158
\BOOKMARK [1][-]{section.41}{\376\377\000C\000o\000m\000p\000r\000e\000h\000e\000n\000s\000i\000v\000e\000\040\000C\000o\000m\000p\000l\000e\000t\000i\000o\000n\000\040\000P\000r\000o\000t\000o\000c\000o\000l\000\040\000\050\000C\000A\0003\000\051}{}% 159
\BOOKMARK [2][-]{subsection.41.1}{\376\377\000D\000e\000l\000i\000v\000e\000r\000a\000b\000l\000e\000\040\000C\000o\000m\000p\000l\000e\000t\000e\000n\000e\000s\000s\000\040\000C\000h\000e\000c\000k\000l\000i\000s\000t}{section.41}% 160
\BOOKMARK [2][-]{subsection.41.2}{\376\377\000T\000h\000r\000e\000a\000t\000s\000\040\000t\000o\000\040\000V\000a\000l\000i\000d\000i\000t\000y\000\040\000a\000n\000d\000\040\000M\000i\000t\000i\000g\000a\000t\000i\000o\000n\000s}{section.41}% 161
\BOOKMARK [2][-]{subsection.41.3}{\376\377\000R\000e\000p\000r\000o\000d\000u\000c\000i\000b\000i\000l\000i\000t\000y\000\040\000P\000r\000o\000t\000o\000c\000o\000l}{section.41}% 162
\BOOKMARK [2][-]{subsection.41.4}{\376\377\000E\000x\000p\000e\000c\000t\000e\000d\000\040\000G\000e\000n\000e\000r\000a\000t\000e\000d\000\040\000A\000r\000t\000i\000f\000a\000c\000t\000s}{section.41}% 163
\BOOKMARK [1][-]{section.42}{\376\377\000A\000p\000p\000e\000n\000d\000i\000x\000:\000\040\000S\000u\000b\000m\000i\000s\000s\000i\000o\000n\000\040\000C\000h\000e\000c\000k\000l\000i\000s\000t}{}% 164
